%!Adobe-FontList 1.22
%Locale:0x412

%BeginFont
Handler:DirectoryHandler
FontType:TrueType
FontName:NanumMyeongjoBold
FamilyName:NanumMyeongjo
StyleName:Bold
FullName:NanumMyeongjoBold
MenuName:NanumMyeongjo
StyleBits:2
FamilyNameNative:NanumMyeongjo
StyleNameNative:Bold
FullNameNative:NanumMyeongjo Bold
WritingScript:Korean
OutlineFileName:D:\학원\merbelle\Font\Nanum_Myeongjo\NanumMyeongjo-Bold.ttf
DataFormat:sfntData
hasSVG:no
VariableFontType:NonVariableFont
FileLength:4016552
FileModTime:1517756400
WeightClass:600
WidthClass:5
AngleClass:0
NameArray:0,Win,1,NanumMyeongjo
NameArray:0,Win,16,NanumMyeongjo
%EndFont

%BeginFont
Handler:DirectoryHandler
FontType:TrueType
FontName:NanumMyeongjoExtraBold
FamilyName:NanumMyeongjo
StyleName:ExtraBold
FullName:NanumMyeongjoExtraBold
MenuName:NanumMyeongjoExtraBold
StyleBits:0
FamilyNameNative:NanumMyeongjo
StyleNameNative:ExtraBold
FullNameNative:NanumMyeongjo ExtraBold
WritingScript:Korean
OutlineFileName:D:\학원\merbelle\Font\Nanum_Myeongjo\NanumMyeongjo-ExtraBold.ttf
DataFormat:sfntData
hasSVG:no
VariableFontType:NonVariableFont
FileLength:4387868
FileModTime:1517756400
WeightClass:700
WidthClass:5
AngleClass:0
NameArray:0,Win,1,NanumMyeongjoExtraBold
NameArray:0,Win,16,NanumMyeongjo
%EndFont

%BeginFont
Handler:DirectoryHandler
FontType:TrueType
FontName:NanumMyeongjo
FamilyName:NanumMyeongjo
StyleName:Regular
FullName:NanumMyeongjo
MenuName:NanumMyeongjo
StyleBits:0
FamilyNameNative:NanumMyeongjo
StyleNameNative:Regular
FullNameNative:NanumMyeongjo Regular
WritingScript:Korean
OutlineFileName:D:\학원\merbelle\Font\Nanum_Myeongjo\NanumMyeongjo-Regular.ttf
DataFormat:sfntData
hasSVG:no
VariableFontType:NonVariableFont
FileLength:3672156
FileModTime:1517756400
WeightClass:400
WidthClass:5
AngleClass:0
NameArray:0,Win,1,NanumMyeongjo
NameArray:0,Win,16,NanumMyeongjo
%EndFont

%BeginFont
Handler:DirectoryHandler
FontType:Invalid
OutlineFileName:D:\학원\merbelle\Font\Nanum_Myeongjo\OFL.txt
FileModTime:1517756400
%EndFont

